
point 0	: (-5,3)
zeroX:	0	duplication:	3

point 0	: (5,2)
zeroX:	0	duplication:	7
