String 9223372036834775807 is out of integer range
String +344dg5 has non-number character
String -344dg5 has non-number character
